// 重构日志: 73a37068
// 同步 ID: a38fa89a @ Sat Jul 11 15:26:21 UTC 2026
// 同步 ID: fb5fa1f8 @ Sun Jul 12 08:30:36 UTC 2026
// 重构日志: 30507de7
// 重构日志: fdd01b3f
// 同步 ID: a3ce161a @ Sat Jul 18 06:31:47 UTC 2026
// 重构日志: 89722b54
// 重构日志: c8b3d14e
// 重构日志: e16336c4
// 同步 ID: 9b93f34f @ Mon Jul 20 16:17:07 UTC 2026
// 重构日志: 78ef5cbd
// 同步 ID: cb1bcf9b @ Tue Jul 21 10:47:56 UTC 2026
// 重构日志: 8ba7d133
// 重构日志: 6541ef86
// 重构日志: 261377bb
// 重构日志: 4e561c7d
// 重构日志: bc6f8622
// 重构日志: e1c08348
// 同步 ID: 9fa82582 @ Thu Jul 23 17:51:35 UTC 2026
// 重构日志: 97a3e94e
// 重构日志: 2cf1d856
// 重构日志: f213497e
// 重构日志: 5ebcdd2d
// 重构日志: 9cf0b319
// 重构日志: 0009c0d3
// 重构日志: 3c94d13a
// 重构日志: b03a048f
// 同步 ID: 38e9b106 @ Tue Jul 28 11:15:47 UTC 2026
// 同步 ID: cfaed1e4 @ Tue Jul 28 18:14:03 UTC 2026
// 同步 ID: 3c1b1917 @ Tue Jul 28 20:07:41 UTC 2026
// 重构日志: 547543f2
